// Jest Snapshot v1, https://goo.gl/fbAQLP

exports[`GameMainPanelを読み込んでSTARTボタンを押すとゲーム画面が表示される 1`] = `
<div
  class="MuiGrid-container-2"
>
  <div
    class="MuiGrid-item-3 MuiGrid-grid-xs-1-31"
  />
  <div
    class="MuiGrid-item-3 MuiGrid-grid-xs-10-40"
  >
    <div
      class="MuiPaper-root-174 MuiPaper-elevation2-178 MuiPaper-rounded-175"
      style="margin: 1rem;"
    >
      <div
        class="MuiGrid-container-2"
      >
        <div
          class="MuiGrid-item-3 MuiGrid-grid-xs-12-42 NumPad-textArea-172"
          data-testid="text"
        >
          aaa
        </div>
        <div
          class="MuiGrid-item-3 MuiGrid-grid-xs-12-42 NumPad-textArea-172"
        >
          <div
            class="MuiPaper-root-174 MuiPaper-elevation2-178 MuiPaper-rounded-175"
          >
            <p
              class="MuiTypography-root-201 MuiTypography-body1-210 MuiTypography-alignCenter-224 NumPad-inputArea-173"
            >
              0
            </p>
          </div>
        </div>
        <div
          class="MuiGrid-item-3 MuiGrid-grid-xs-4-34"
          style="text-align: center;"
        >
          <button
            class="MuiButtonBase-root-161 MuiButton-root-135 MuiButton-contained-146 MuiButton-raised-149 NumPad-numButton-171"
            tabindex="0"
            type="button"
          >
            <span
              class="MuiButton-label-136"
            >
              0
            </span>
            <span
              class="MuiTouchRipple-root-237"
            />
          </button>
        </div>
        <div
          class="MuiGrid-item-3 MuiGrid-grid-xs-4-34"
          style="text-align: center;"
        >
          <button
            class="MuiButtonBase-root-161 MuiButton-root-135 MuiButton-contained-146 MuiButton-raised-149 NumPad-numButton-171"
            tabindex="0"
            type="button"
          >
            <span
              class="MuiButton-label-136"
            >
              1
            </span>
            <span
              class="MuiTouchRipple-root-237"
            />
          </button>
        </div>
        <div
          class="MuiGrid-item-3 MuiGrid-grid-xs-4-34"
          style="text-align: center;"
        >
          <button
            class="MuiButtonBase-root-161 MuiButton-root-135 MuiButton-contained-146 MuiButton-raised-149 NumPad-numButton-171"
            tabindex="0"
            type="button"
          >
            <span
              class="MuiButton-label-136"
            >
              2
            </span>
            <span
              class="MuiTouchRipple-root-237"
            />
          </button>
        </div>
        <div
          class="MuiGrid-item-3 MuiGrid-grid-xs-4-34"
          style="text-align: center;"
        >
          <button
            class="MuiButtonBase-root-161 MuiButton-root-135 MuiButton-contained-146 MuiButton-raised-149 NumPad-numButton-171"
            tabindex="0"
            type="button"
          >
            <span
              class="MuiButton-label-136"
            >
              3
            </span>
            <span
              class="MuiTouchRipple-root-237"
            />
          </button>
        </div>
        <div
          class="MuiGrid-item-3 MuiGrid-grid-xs-4-34"
          style="text-align: center;"
        >
          <button
            class="MuiButtonBase-root-161 MuiButton-root-135 MuiButton-contained-146 MuiButton-raised-149 NumPad-numButton-171"
            tabindex="0"
            type="button"
          >
            <span
              class="MuiButton-label-136"
            >
              4
            </span>
            <span
              class="MuiTouchRipple-root-237"
            />
          </button>
        </div>
        <div
          class="MuiGrid-item-3 MuiGrid-grid-xs-4-34"
          style="text-align: center;"
        >
          <button
            class="MuiButtonBase-root-161 MuiButton-root-135 MuiButton-contained-146 MuiButton-raised-149 NumPad-numButton-171"
            tabindex="0"
            type="button"
          >
            <span
              class="MuiButton-label-136"
            >
              5
            </span>
            <span
              class="MuiTouchRipple-root-237"
            />
          </button>
        </div>
        <div
          class="MuiGrid-item-3 MuiGrid-grid-xs-4-34"
          style="text-align: center;"
        >
          <button
            class="MuiButtonBase-root-161 MuiButton-root-135 MuiButton-contained-146 MuiButton-raised-149 NumPad-numButton-171"
            tabindex="0"
            type="button"
          >
            <span
              class="MuiButton-label-136"
            >
              6
            </span>
            <span
              class="MuiTouchRipple-root-237"
            />
          </button>
        </div>
        <div
          class="MuiGrid-item-3 MuiGrid-grid-xs-4-34"
          style="text-align: center;"
        >
          <button
            class="MuiButtonBase-root-161 MuiButton-root-135 MuiButton-contained-146 MuiButton-raised-149 NumPad-numButton-171"
            tabindex="0"
            type="button"
          >
            <span
              class="MuiButton-label-136"
            >
              7
            </span>
            <span
              class="MuiTouchRipple-root-237"
            />
          </button>
        </div>
        <div
          class="MuiGrid-item-3 MuiGrid-grid-xs-4-34"
          style="text-align: center;"
        >
          <button
            class="MuiButtonBase-root-161 MuiButton-root-135 MuiButton-contained-146 MuiButton-raised-149 NumPad-numButton-171"
            tabindex="0"
            type="button"
          >
            <span
              class="MuiButton-label-136"
            >
              8
            </span>
            <span
              class="MuiTouchRipple-root-237"
            />
          </button>
        </div>
        <div
          class="MuiGrid-item-3 MuiGrid-grid-xs-4-34"
          style="text-align: center;"
        >
          <button
            class="MuiButtonBase-root-161 MuiButton-root-135 MuiButton-contained-146 MuiButton-raised-149 NumPad-numButton-171"
            tabindex="0"
            type="button"
          >
            <span
              class="MuiButton-label-136"
            >
              9
            </span>
            <span
              class="MuiTouchRipple-root-237"
            />
          </button>
        </div>
        <div
          class="MuiGrid-item-3 MuiGrid-grid-xs-4-34"
          style="text-align: center;"
        >
          <button
            class="MuiButtonBase-root-161 MuiButton-root-135 MuiButton-contained-146 MuiButton-raised-149 NumPad-numButton-171"
            tabindex="0"
            type="button"
          >
            <span
              class="MuiButton-label-136"
            >
              CLR
            </span>
            <span
              class="MuiTouchRipple-root-237"
            />
          </button>
        </div>
        <div
          class="MuiGrid-item-3 MuiGrid-grid-xs-4-34"
          style="text-align: center;"
        >
          <button
            class="MuiButtonBase-root-161 MuiButton-root-135 MuiButton-contained-146 MuiButton-raised-149 NumPad-numButton-171"
            tabindex="0"
            type="button"
          >
            <span
              class="MuiButton-label-136"
            >
              OK
            </span>
            <span
              class="MuiTouchRipple-root-237"
            />
          </button>
        </div>
      </div>
    </div>
  </div>
</div>
`;
